
> DevOne@1.0.0 build /Users/sathwik/Desktop/DevOne
> next build

  ▲ Next.js 14.2.0
  - Environments: .env.local

   Creating an optimized production build ...
 ✓ Compiled successfully
   Linting and checking validity of types ...
   Collecting page data ...
   Generating static pages (0/21) ...
   Generating static pages (5/21) 
   Generating static pages (10/21) 
   Generating static pages (15/21) 
Error: Event handlers cannot be passed to Client Component props.
  {onClick: function onClick, className: ..., children: ...}
            ^^^^^^^^^^^^^^^^
If you need interactivity, consider converting part of this to a Client Component.
    at ek (/Users/sathwik/Desktop/DevOne/node_modules/.pnpm/next@14.2.0_@opentelemetry+api@1.9.0_react-dom@18.3.1_react@18.3.1__react@18.3.1/node_modules/next/dist/compiled/next-server/app-page.runtime.prod.js:12:140575)
    at Object.toJSON (/Users/sathwik/Desktop/DevOne/node_modules/.pnpm/next@14.2.0_@opentelemetry+api@1.9.0_react-dom@18.3.1_react@18.3.1__react@18.3.1/node_modules/next/dist/compiled/next-server/app-page.runtime.prod.js:12:135764)
    at stringify (<anonymous>)
    at eR (/Users/sathwik/Desktop/DevOne/node_modules/.pnpm/next@14.2.0_@opentelemetry+api@1.9.0_react-dom@18.3.1_react@18.3.1__react@18.3.1/node_modules/next/dist/compiled/next-server/app-page.runtime.prod.js:12:142228)
    at eE (/Users/sathwik/Desktop/DevOne/node_modules/.pnpm/next@14.2.0_@opentelemetry+api@1.9.0_react-dom@18.3.1_react@18.3.1__react@18.3.1/node_modules/next/dist/compiled/next-server/app-page.runtime.prod.js:12:142707)
    at AsyncLocalStorage.run (node:internal/async_local_storage/async_context_frame:63:14)
    at Timeout._onTimeout (/Users/sathwik/Desktop/DevOne/node_modules/.pnpm/next@14.2.0_@opentelemetry+api@1.9.0_react-dom@18.3.1_react@18.3.1__react@18.3.1/node_modules/next/dist/compiled/next-server/app-page.runtime.prod.js:12:150406)
    at listOnTimeout (node:internal/timers:605:17)
    at process.processTimers (node:internal/timers:541:7) {
  digest: '1263531943'
}
Error: Event handlers cannot be passed to Client Component props.
  {onClick: function onClick, className: ..., children: ...}
            ^^^^^^^^^^^^^^^^
If you need interactivity, consider converting part of this to a Client Component.
    at ek (/Users/sathwik/Desktop/DevOne/node_modules/.pnpm/next@14.2.0_@opentelemetry+api@1.9.0_react-dom@18.3.1_react@18.3.1__react@18.3.1/node_modules/next/dist/compiled/next-server/app-page.runtime.prod.js:12:140575)
    at Object.toJSON (/Users/sathwik/Desktop/DevOne/node_modules/.pnpm/next@14.2.0_@opentelemetry+api@1.9.0_react-dom@18.3.1_react@18.3.1__react@18.3.1/node_modules/next/dist/compiled/next-server/app-page.runtime.prod.js:12:135764)
    at stringify (<anonymous>)
    at eR (/Users/sathwik/Desktop/DevOne/node_modules/.pnpm/next@14.2.0_@opentelemetry+api@1.9.0_react-dom@18.3.1_react@18.3.1__react@18.3.1/node_modules/next/dist/compiled/next-server/app-page.runtime.prod.js:12:142228)
    at eE (/Users/sathwik/Desktop/DevOne/node_modules/.pnpm/next@14.2.0_@opentelemetry+api@1.9.0_react-dom@18.3.1_react@18.3.1__react@18.3.1/node_modules/next/dist/compiled/next-server/app-page.runtime.prod.js:12:142707)
    at Timeout._onTimeout (/Users/sathwik/Desktop/DevOne/node_modules/.pnpm/next@14.2.0_@opentelemetry+api@1.9.0_react-dom@18.3.1_react@18.3.1__react@18.3.1/node_modules/next/dist/compiled/next-server/app-page.runtime.prod.js:12:135484)
    at listOnTimeout (node:internal/timers:605:17)
    at process.processTimers (node:internal/timers:541:7) {
  digest: '1951076494'
}
Error: Event handlers cannot be passed to Client Component props.
  {onClick: function onClick, className: ..., children: ...}
            ^^^^^^^^^^^^^^^^
If you need interactivity, consider converting part of this to a Client Component.
    at ek (/Users/sathwik/Desktop/DevOne/node_modules/.pnpm/next@14.2.0_@opentelemetry+api@1.9.0_react-dom@18.3.1_react@18.3.1__react@18.3.1/node_modules/next/dist/compiled/next-server/app-page.runtime.prod.js:12:140575)
    at Object.toJSON (/Users/sathwik/Desktop/DevOne/node_modules/.pnpm/next@14.2.0_@opentelemetry+api@1.9.0_react-dom@18.3.1_react@18.3.1__react@18.3.1/node_modules/next/dist/compiled/next-server/app-page.runtime.prod.js:12:135764)
    at stringify (<anonymous>)
    at eR (/Users/sathwik/Desktop/DevOne/node_modules/.pnpm/next@14.2.0_@opentelemetry+api@1.9.0_react-dom@18.3.1_react@18.3.1__react@18.3.1/node_modules/next/dist/compiled/next-server/app-page.runtime.prod.js:12:142228)
    at eE (/Users/sathwik/Desktop/DevOne/node_modules/.pnpm/next@14.2.0_@opentelemetry+api@1.9.0_react-dom@18.3.1_react@18.3.1__react@18.3.1/node_modules/next/dist/compiled/next-server/app-page.runtime.prod.js:12:142707)
    at Timeout._onTimeout (/Users/sathwik/Desktop/DevOne/node_modules/.pnpm/next@14.2.0_@opentelemetry+api@1.9.0_react-dom@18.3.1_react@18.3.1__react@18.3.1/node_modules/next/dist/compiled/next-server/app-page.runtime.prod.js:12:135484)
    at listOnTimeout (node:internal/timers:605:17)
    at process.processTimers (node:internal/timers:541:7) {
  digest: '1951076494'
}
Error: Event handlers cannot be passed to Client Component props.
  {onClick: function onClick, className: ..., children: ...}
            ^^^^^^^^^^^^^^^^
If you need interactivity, consider converting part of this to a Client Component.
    at ek (/Users/sathwik/Desktop/DevOne/node_modules/.pnpm/next@14.2.0_@opentelemetry+api@1.9.0_react-dom@18.3.1_react@18.3.1__react@18.3.1/node_modules/next/dist/compiled/next-server/app-page.runtime.prod.js:12:140575)
    at Object.toJSON (/Users/sathwik/Desktop/DevOne/node_modules/.pnpm/next@14.2.0_@opentelemetry+api@1.9.0_react-dom@18.3.1_react@18.3.1__react@18.3.1/node_modules/next/dist/compiled/next-server/app-page.runtime.prod.js:12:135764)
    at stringify (<anonymous>)
    at eR (/Users/sathwik/Desktop/DevOne/node_modules/.pnpm/next@14.2.0_@opentelemetry+api@1.9.0_react-dom@18.3.1_react@18.3.1__react@18.3.1/node_modules/next/dist/compiled/next-server/app-page.runtime.prod.js:12:142228)
    at eE (/Users/sathwik/Desktop/DevOne/node_modules/.pnpm/next@14.2.0_@opentelemetry+api@1.9.0_react-dom@18.3.1_react@18.3.1__react@18.3.1/node_modules/next/dist/compiled/next-server/app-page.runtime.prod.js:12:142707)
    at AsyncLocalStorage.run (node:internal/async_local_storage/async_context_frame:63:14)
    at Timeout._onTimeout (/Users/sathwik/Desktop/DevOne/node_modules/.pnpm/next@14.2.0_@opentelemetry+api@1.9.0_react-dom@18.3.1_react@18.3.1__react@18.3.1/node_modules/next/dist/compiled/next-server/app-page.runtime.prod.js:12:150406)
    at listOnTimeout (node:internal/timers:605:17)
    at process.processTimers (node:internal/timers:541:7) {
  digest: '1263531943'
}
Error: Event handlers cannot be passed to Client Component props.
  {onClick: function onClick, className: ..., children: ...}
            ^^^^^^^^^^^^^^^^
If you need interactivity, consider converting part of this to a Client Component.
    at ek (/Users/sathwik/Desktop/DevOne/node_modules/.pnpm/next@14.2.0_@opentelemetry+api@1.9.0_react-dom@18.3.1_react@18.3.1__react@18.3.1/node_modules/next/dist/compiled/next-server/app-page.runtime.prod.js:12:140575)
    at Object.toJSON (/Users/sathwik/Desktop/DevOne/node_modules/.pnpm/next@14.2.0_@opentelemetry+api@1.9.0_react-dom@18.3.1_react@18.3.1__react@18.3.1/node_modules/next/dist/compiled/next-server/app-page.runtime.prod.js:12:135764)
    at stringify (<anonymous>)
    at eR (/Users/sathwik/Desktop/DevOne/node_modules/.pnpm/next@14.2.0_@opentelemetry+api@1.9.0_react-dom@18.3.1_react@18.3.1__react@18.3.1/node_modules/next/dist/compiled/next-server/app-page.runtime.prod.js:12:142228)
    at eE (/Users/sathwik/Desktop/DevOne/node_modules/.pnpm/next@14.2.0_@opentelemetry+api@1.9.0_react-dom@18.3.1_react@18.3.1__react@18.3.1/node_modules/next/dist/compiled/next-server/app-page.runtime.prod.js:12:142707)
    at Timeout._onTimeout (/Users/sathwik/Desktop/DevOne/node_modules/.pnpm/next@14.2.0_@opentelemetry+api@1.9.0_react-dom@18.3.1_react@18.3.1__react@18.3.1/node_modules/next/dist/compiled/next-server/app-page.runtime.prod.js:12:135484)
    at listOnTimeout (node:internal/timers:605:17)
    at process.processTimers (node:internal/timers:541:7) {
  digest: '1951076494'
}
Error: Event handlers cannot be passed to Client Component props.
  {onClick: function onClick, className: ..., children: ...}
            ^^^^^^^^^^^^^^^^
If you need interactivity, consider converting part of this to a Client Component.
    at ek (/Users/sathwik/Desktop/DevOne/node_modules/.pnpm/next@14.2.0_@opentelemetry+api@1.9.0_react-dom@18.3.1_react@18.3.1__react@18.3.1/node_modules/next/dist/compiled/next-server/app-page.runtime.prod.js:12:140575)
    at Object.toJSON (/Users/sathwik/Desktop/DevOne/node_modules/.pnpm/next@14.2.0_@opentelemetry+api@1.9.0_react-dom@18.3.1_react@18.3.1__react@18.3.1/node_modules/next/dist/compiled/next-server/app-page.runtime.prod.js:12:135764)
    at stringify (<anonymous>)
    at eR (/Users/sathwik/Desktop/DevOne/node_modules/.pnpm/next@14.2.0_@opentelemetry+api@1.9.0_react-dom@18.3.1_react@18.3.1__react@18.3.1/node_modules/next/dist/compiled/next-server/app-page.runtime.prod.js:12:142228)
    at eE (/Users/sathwik/Desktop/DevOne/node_modules/.pnpm/next@14.2.0_@opentelemetry+api@1.9.0_react-dom@18.3.1_react@18.3.1__react@18.3.1/node_modules/next/dist/compiled/next-server/app-page.runtime.prod.js:12:142707)
    at Timeout._onTimeout (/Users/sathwik/Desktop/DevOne/node_modules/.pnpm/next@14.2.0_@opentelemetry+api@1.9.0_react-dom@18.3.1_react@18.3.1__react@18.3.1/node_modules/next/dist/compiled/next-server/app-page.runtime.prod.js:12:135484)
    at listOnTimeout (node:internal/timers:605:17)
    at process.processTimers (node:internal/timers:541:7) {
  digest: '1951076494'
}
Error: Event handlers cannot be passed to Client Component props.
  {onClick: function onClick, className: ..., children: ...}
            ^^^^^^^^^^^^^^^^
If you need interactivity, consider converting part of this to a Client Component.
    at ek (/Users/sathwik/Desktop/DevOne/node_modules/.pnpm/next@14.2.0_@opentelemetry+api@1.9.0_react-dom@18.3.1_react@18.3.1__react@18.3.1/node_modules/next/dist/compiled/next-server/app-page.runtime.prod.js:12:140575)
    at Object.toJSON (/Users/sathwik/Desktop/DevOne/node_modules/.pnpm/next@14.2.0_@opentelemetry+api@1.9.0_react-dom@18.3.1_react@18.3.1__react@18.3.1/node_modules/next/dist/compiled/next-server/app-page.runtime.prod.js:12:135764)
    at stringify (<anonymous>)
    at eR (/Users/sathwik/Desktop/DevOne/node_modules/.pnpm/next@14.2.0_@opentelemetry+api@1.9.0_react-dom@18.3.1_react@18.3.1__react@18.3.1/node_modules/next/dist/compiled/next-server/app-page.runtime.prod.js:12:142228)
    at eE (/Users/sathwik/Desktop/DevOne/node_modules/.pnpm/next@14.2.0_@opentelemetry+api@1.9.0_react-dom@18.3.1_react@18.3.1__react@18.3.1/node_modules/next/dist/compiled/next-server/app-page.runtime.prod.js:12:142707)
    at AsyncLocalStorage.run (node:internal/async_local_storage/async_context_frame:63:14)
    at Timeout._onTimeout (/Users/sathwik/Desktop/DevOne/node_modules/.pnpm/next@14.2.0_@opentelemetry+api@1.9.0_react-dom@18.3.1_react@18.3.1__react@18.3.1/node_modules/next/dist/compiled/next-server/app-page.runtime.prod.js:12:150406)
    at listOnTimeout (node:internal/timers:605:17)
    at process.processTimers (node:internal/timers:541:7) {
  digest: '1263531943'
}
Error: Event handlers cannot be passed to Client Component props.
  {onClick: function onClick, className: ..., children: ...}
            ^^^^^^^^^^^^^^^^
If you need interactivity, consider converting part of this to a Client Component.
    at ek (/Users/sathwik/Desktop/DevOne/node_modules/.pnpm/next@14.2.0_@opentelemetry+api@1.9.0_react-dom@18.3.1_react@18.3.1__react@18.3.1/node_modules/next/dist/compiled/next-server/app-page.runtime.prod.js:12:140575)
    at Object.toJSON (/Users/sathwik/Desktop/DevOne/node_modules/.pnpm/next@14.2.0_@opentelemetry+api@1.9.0_react-dom@18.3.1_react@18.3.1__react@18.3.1/node_modules/next/dist/compiled/next-server/app-page.runtime.prod.js:12:135764)
    at stringify (<anonymous>)
    at eR (/Users/sathwik/Desktop/DevOne/node_modules/.pnpm/next@14.2.0_@opentelemetry+api@1.9.0_react-dom@18.3.1_react@18.3.1__react@18.3.1/node_modules/next/dist/compiled/next-server/app-page.runtime.prod.js:12:142228)
    at eE (/Users/sathwik/Desktop/DevOne/node_modules/.pnpm/next@14.2.0_@opentelemetry+api@1.9.0_react-dom@18.3.1_react@18.3.1__react@18.3.1/node_modules/next/dist/compiled/next-server/app-page.runtime.prod.js:12:142707)
    at Timeout._onTimeout (/Users/sathwik/Desktop/DevOne/node_modules/.pnpm/next@14.2.0_@opentelemetry+api@1.9.0_react-dom@18.3.1_react@18.3.1__react@18.3.1/node_modules/next/dist/compiled/next-server/app-page.runtime.prod.js:12:135484)
    at listOnTimeout (node:internal/timers:605:17)
    at process.processTimers (node:internal/timers:541:7) {
  digest: '1951076494'
}
Error: Event handlers cannot be passed to Client Component props.
  {onClick: function onClick, className: ..., children: ...}
            ^^^^^^^^^^^^^^^^
If you need interactivity, consider converting part of this to a Client Component.
    at ek (/Users/sathwik/Desktop/DevOne/node_modules/.pnpm/next@14.2.0_@opentelemetry+api@1.9.0_react-dom@18.3.1_react@18.3.1__react@18.3.1/node_modules/next/dist/compiled/next-server/app-page.runtime.prod.js:12:140575)
    at Object.toJSON (/Users/sathwik/Desktop/DevOne/node_modules/.pnpm/next@14.2.0_@opentelemetry+api@1.9.0_react-dom@18.3.1_react@18.3.1__react@18.3.1/node_modules/next/dist/compiled/next-server/app-page.runtime.prod.js:12:135764)
    at stringify (<anonymous>)
    at eR (/Users/sathwik/Desktop/DevOne/node_modules/.pnpm/next@14.2.0_@opentelemetry+api@1.9.0_react-dom@18.3.1_react@18.3.1__react@18.3.1/node_modules/next/dist/compiled/next-server/app-page.runtime.prod.js:12:142228)
    at eE (/Users/sathwik/Desktop/DevOne/node_modules/.pnpm/next@14.2.0_@opentelemetry+api@1.9.0_react-dom@18.3.1_react@18.3.1__react@18.3.1/node_modules/next/dist/compiled/next-server/app-page.runtime.prod.js:12:142707)
    at Timeout._onTimeout (/Users/sathwik/Desktop/DevOne/node_modules/.pnpm/next@14.2.0_@opentelemetry+api@1.9.0_react-dom@18.3.1_react@18.3.1__react@18.3.1/node_modules/next/dist/compiled/next-server/app-page.runtime.prod.js:12:135484)
    at listOnTimeout (node:internal/timers:605:17)
    at process.processTimers (node:internal/timers:541:7) {
  digest: '1951076494'
}
 ⚠ metadataBase property in metadata export is not set for resolving social open graph or twitter images, using "http://localhost:3000". See https://nextjs.org/docs/app/api-reference/functions/generate-metadata#metadatabase
 ⚠ metadataBase property in metadata export is not set for resolving social open graph or twitter images, using "http://localhost:3000". See https://nextjs.org/docs/app/api-reference/functions/generate-metadata#metadatabase
Error: Event handlers cannot be passed to Client Component props.
  {onClick: function onClick, className: ..., children: ...}
            ^^^^^^^^^^^^^^^^
If you need interactivity, consider converting part of this to a Client Component.
    at ek (/Users/sathwik/Desktop/DevOne/node_modules/.pnpm/next@14.2.0_@opentelemetry+api@1.9.0_react-dom@18.3.1_react@18.3.1__react@18.3.1/node_modules/next/dist/compiled/next-server/app-page.runtime.prod.js:12:140575)
    at Object.toJSON (/Users/sathwik/Desktop/DevOne/node_modules/.pnpm/next@14.2.0_@opentelemetry+api@1.9.0_react-dom@18.3.1_react@18.3.1__react@18.3.1/node_modules/next/dist/compiled/next-server/app-page.runtime.prod.js:12:135764)
    at stringify (<anonymous>)
    at eR (/Users/sathwik/Desktop/DevOne/node_modules/.pnpm/next@14.2.0_@opentelemetry+api@1.9.0_react-dom@18.3.1_react@18.3.1__react@18.3.1/node_modules/next/dist/compiled/next-server/app-page.runtime.prod.js:12:142228)
    at eE (/Users/sathwik/Desktop/DevOne/node_modules/.pnpm/next@14.2.0_@opentelemetry+api@1.9.0_react-dom@18.3.1_react@18.3.1__react@18.3.1/node_modules/next/dist/compiled/next-server/app-page.runtime.prod.js:12:142707)
    at AsyncLocalStorage.run (node:internal/async_local_storage/async_context_frame:63:14)
    at Timeout._onTimeout (/Users/sathwik/Desktop/DevOne/node_modules/.pnpm/next@14.2.0_@opentelemetry+api@1.9.0_react-dom@18.3.1_react@18.3.1__react@18.3.1/node_modules/next/dist/compiled/next-server/app-page.runtime.prod.js:12:150406)
    at listOnTimeout (node:internal/timers:605:17)
    at process.processTimers (node:internal/timers:541:7) {
  digest: '1263531943'
}
Error: Event handlers cannot be passed to Client Component props.
  {onClick: function onClick, className: ..., children: ...}
            ^^^^^^^^^^^^^^^^
If you need interactivity, consider converting part of this to a Client Component.
    at ek (/Users/sathwik/Desktop/DevOne/node_modules/.pnpm/next@14.2.0_@opentelemetry+api@1.9.0_react-dom@18.3.1_react@18.3.1__react@18.3.1/node_modules/next/dist/compiled/next-server/app-page.runtime.prod.js:12:140575)
    at Object.toJSON (/Users/sathwik/Desktop/DevOne/node_modules/.pnpm/next@14.2.0_@opentelemetry+api@1.9.0_react-dom@18.3.1_react@18.3.1__react@18.3.1/node_modules/next/dist/compiled/next-server/app-page.runtime.prod.js:12:135764)
    at stringify (<anonymous>)
    at eR (/Users/sathwik/Desktop/DevOne/node_modules/.pnpm/next@14.2.0_@opentelemetry+api@1.9.0_react-dom@18.3.1_react@18.3.1__react@18.3.1/node_modules/next/dist/compiled/next-server/app-page.runtime.prod.js:12:142228)
    at eE (/Users/sathwik/Desktop/DevOne/node_modules/.pnpm/next@14.2.0_@opentelemetry+api@1.9.0_react-dom@18.3.1_react@18.3.1__react@18.3.1/node_modules/next/dist/compiled/next-server/app-page.runtime.prod.js:12:142707)
    at Timeout._onTimeout (/Users/sathwik/Desktop/DevOne/node_modules/.pnpm/next@14.2.0_@opentelemetry+api@1.9.0_react-dom@18.3.1_react@18.3.1__react@18.3.1/node_modules/next/dist/compiled/next-server/app-page.runtime.prod.js:12:135484)
    at listOnTimeout (node:internal/timers:605:17)
    at process.processTimers (node:internal/timers:541:7) {
  digest: '1951076494'
}
Error: Event handlers cannot be passed to Client Component props.
  {onClick: function onClick, className: ..., children: ...}
            ^^^^^^^^^^^^^^^^
If you need interactivity, consider converting part of this to a Client Component.
    at ek (/Users/sathwik/Desktop/DevOne/node_modules/.pnpm/next@14.2.0_@opentelemetry+api@1.9.0_react-dom@18.3.1_react@18.3.1__react@18.3.1/node_modules/next/dist/compiled/next-server/app-page.runtime.prod.js:12:140575)
    at Object.toJSON (/Users/sathwik/Desktop/DevOne/node_modules/.pnpm/next@14.2.0_@opentelemetry+api@1.9.0_react-dom@18.3.1_react@18.3.1__react@18.3.1/node_modules/next/dist/compiled/next-server/app-page.runtime.prod.js:12:135764)
    at stringify (<anonymous>)
    at eR (/Users/sathwik/Desktop/DevOne/node_modules/.pnpm/next@14.2.0_@opentelemetry+api@1.9.0_react-dom@18.3.1_react@18.3.1__react@18.3.1/node_modules/next/dist/compiled/next-server/app-page.runtime.prod.js:12:142228)
    at eE (/Users/sathwik/Desktop/DevOne/node_modules/.pnpm/next@14.2.0_@opentelemetry+api@1.9.0_react-dom@18.3.1_react@18.3.1__react@18.3.1/node_modules/next/dist/compiled/next-server/app-page.runtime.prod.js:12:142707)
    at Timeout._onTimeout (/Users/sathwik/Desktop/DevOne/node_modules/.pnpm/next@14.2.0_@opentelemetry+api@1.9.0_react-dom@18.3.1_react@18.3.1__react@18.3.1/node_modules/next/dist/compiled/next-server/app-page.runtime.prod.js:12:135484)
    at listOnTimeout (node:internal/timers:605:17)
    at process.processTimers (node:internal/timers:541:7) {
  digest: '1951076494'
}
 ⚠ metadataBase property in metadata export is not set for resolving social open graph or twitter images, using "http://localhost:3000". See https://nextjs.org/docs/app/api-reference/functions/generate-metadata#metadatabase
 ⚠ metadataBase property in metadata export is not set for resolving social open graph or twitter images, using "http://localhost:3000". See https://nextjs.org/docs/app/api-reference/functions/generate-metadata#metadatabase
 ⚠ Sending SIGTERM signal to static worker due to timeout of 60 seconds. Subsequent errors may be a result of the worker exiting.
 ⚠ Restarted static page generation for /_not-found because it took more than 60 seconds
 ⚠ See more info here https://nextjs.org/docs/messages/static-page-generation-timeout
 ⚠ Restarted static page generation for / because it took more than 60 seconds
 ⚠ Restarted static page generation for /profile because it took more than 60 seconds
 ⚠ Restarted static page generation for /repo/loading because it took more than 60 seconds
Error: Event handlers cannot be passed to Client Component props.
  {onClick: function onClick, className: ..., children: ...}
            ^^^^^^^^^^^^^^^^
If you need interactivity, consider converting part of this to a Client Component.
    at ek (/Users/sathwik/Desktop/DevOne/node_modules/.pnpm/next@14.2.0_@opentelemetry+api@1.9.0_react-dom@18.3.1_react@18.3.1__react@18.3.1/node_modules/next/dist/compiled/next-server/app-page.runtime.prod.js:12:140575)
    at Object.toJSON (/Users/sathwik/Desktop/DevOne/node_modules/.pnpm/next@14.2.0_@opentelemetry+api@1.9.0_react-dom@18.3.1_react@18.3.1__react@18.3.1/node_modules/next/dist/compiled/next-server/app-page.runtime.prod.js:12:135764)
    at stringify (<anonymous>)
    at eR (/Users/sathwik/Desktop/DevOne/node_modules/.pnpm/next@14.2.0_@opentelemetry+api@1.9.0_react-dom@18.3.1_react@18.3.1__react@18.3.1/node_modules/next/dist/compiled/next-server/app-page.runtime.prod.js:12:142228)
    at eE (/Users/sathwik/Desktop/DevOne/node_modules/.pnpm/next@14.2.0_@opentelemetry+api@1.9.0_react-dom@18.3.1_react@18.3.1__react@18.3.1/node_modules/next/dist/compiled/next-server/app-page.runtime.prod.js:12:142707)
    at AsyncLocalStorage.run (node:internal/async_local_storage/async_context_frame:63:14)
    at Timeout._onTimeout (/Users/sathwik/Desktop/DevOne/node_modules/.pnpm/next@14.2.0_@opentelemetry+api@1.9.0_react-dom@18.3.1_react@18.3.1__react@18.3.1/node_modules/next/dist/compiled/next-server/app-page.runtime.prod.js:12:150406)
    at listOnTimeout (node:internal/timers:605:17)
    at process.processTimers (node:internal/timers:541:7) {
  digest: '1263531943'
}
Error: Event handlers cannot be passed to Client Component props.
  {onClick: function onClick, className: ..., children: ...}
            ^^^^^^^^^^^^^^^^
If you need interactivity, consider converting part of this to a Client Component.
    at ek (/Users/sathwik/Desktop/DevOne/node_modules/.pnpm/next@14.2.0_@opentelemetry+api@1.9.0_react-dom@18.3.1_react@18.3.1__react@18.3.1/node_modules/next/dist/compiled/next-server/app-page.runtime.prod.js:12:140575)
    at Object.toJSON (/Users/sathwik/Desktop/DevOne/node_modules/.pnpm/next@14.2.0_@opentelemetry+api@1.9.0_react-dom@18.3.1_react@18.3.1__react@18.3.1/node_modules/next/dist/compiled/next-server/app-page.runtime.prod.js:12:135764)
    at stringify (<anonymous>)
    at eR (/Users/sathwik/Desktop/DevOne/node_modules/.pnpm/next@14.2.0_@opentelemetry+api@1.9.0_react-dom@18.3.1_react@18.3.1__react@18.3.1/node_modules/next/dist/compiled/next-server/app-page.runtime.prod.js:12:142228)
    at eE (/Users/sathwik/Desktop/DevOne/node_modules/.pnpm/next@14.2.0_@opentelemetry+api@1.9.0_react-dom@18.3.1_react@18.3.1__react@18.3.1/node_modules/next/dist/compiled/next-server/app-page.runtime.prod.js:12:142707)
    at Timeout._onTimeout (/Users/sathwik/Desktop/DevOne/node_modules/.pnpm/next@14.2.0_@opentelemetry+api@1.9.0_react-dom@18.3.1_react@18.3.1__react@18.3.1/node_modules/next/dist/compiled/next-server/app-page.runtime.prod.js:12:135484)
    at listOnTimeout (node:internal/timers:605:17)
    at process.processTimers (node:internal/timers:541:7) {
  digest: '1951076494'
}
Error: Event handlers cannot be passed to Client Component props.
  {onClick: function onClick, className: ..., children: ...}
            ^^^^^^^^^^^^^^^^
If you need interactivity, consider converting part of this to a Client Component.
    at ek (/Users/sathwik/Desktop/DevOne/node_modules/.pnpm/next@14.2.0_@opentelemetry+api@1.9.0_react-dom@18.3.1_react@18.3.1__react@18.3.1/node_modules/next/dist/compiled/next-server/app-page.runtime.prod.js:12:140575)
    at Object.toJSON (/Users/sathwik/Desktop/DevOne/node_modules/.pnpm/next@14.2.0_@opentelemetry+api@1.9.0_react-dom@18.3.1_react@18.3.1__react@18.3.1/node_modules/next/dist/compiled/next-server/app-page.runtime.prod.js:12:135764)
    at stringify (<anonymous>)
    at eR (/Users/sathwik/Desktop/DevOne/node_modules/.pnpm/next@14.2.0_@opentelemetry+api@1.9.0_react-dom@18.3.1_react@18.3.1__react@18.3.1/node_modules/next/dist/compiled/next-server/app-page.runtime.prod.js:12:142228)
    at eE (/Users/sathwik/Desktop/DevOne/node_modules/.pnpm/next@14.2.0_@opentelemetry+api@1.9.0_react-dom@18.3.1_react@18.3.1__react@18.3.1/node_modules/next/dist/compiled/next-server/app-page.runtime.prod.js:12:142707)
    at Timeout._onTimeout (/Users/sathwik/Desktop/DevOne/node_modules/.pnpm/next@14.2.0_@opentelemetry+api@1.9.0_react-dom@18.3.1_react@18.3.1__react@18.3.1/node_modules/next/dist/compiled/next-server/app-page.runtime.prod.js:12:135484)
    at listOnTimeout (node:internal/timers:605:17)
    at process.processTimers (node:internal/timers:541:7) {
  digest: '1951076494'
}
 ⚠ metadataBase property in metadata export is not set for resolving social open graph or twitter images, using "http://localhost:3000". See https://nextjs.org/docs/app/api-reference/functions/generate-metadata#metadatabase
Error: Event handlers cannot be passed to Client Component props.
  {onClick: function onClick, className: ..., children: ...}
            ^^^^^^^^^^^^^^^^
If you need interactivity, consider converting part of this to a Client Component.
    at ek (/Users/sathwik/Desktop/DevOne/node_modules/.pnpm/next@14.2.0_@opentelemetry+api@1.9.0_react-dom@18.3.1_react@18.3.1__react@18.3.1/node_modules/next/dist/compiled/next-server/app-page.runtime.prod.js:12:140575)
    at Object.toJSON (/Users/sathwik/Desktop/DevOne/node_modules/.pnpm/next@14.2.0_@opentelemetry+api@1.9.0_react-dom@18.3.1_react@18.3.1__react@18.3.1/node_modules/next/dist/compiled/next-server/app-page.runtime.prod.js:12:135764)
    at stringify (<anonymous>)
    at eR (/Users/sathwik/Desktop/DevOne/node_modules/.pnpm/next@14.2.0_@opentelemetry+api@1.9.0_react-dom@18.3.1_react@18.3.1__react@18.3.1/node_modules/next/dist/compiled/next-server/app-page.runtime.prod.js:12:142228)
    at eE (/Users/sathwik/Desktop/DevOne/node_modules/.pnpm/next@14.2.0_@opentelemetry+api@1.9.0_react-dom@18.3.1_react@18.3.1__react@18.3.1/node_modules/next/dist/compiled/next-server/app-page.runtime.prod.js:12:142707)
    at AsyncLocalStorage.run (node:internal/async_local_storage/async_context_frame:63:14)
    at Timeout._onTimeout (/Users/sathwik/Desktop/DevOne/node_modules/.pnpm/next@14.2.0_@opentelemetry+api@1.9.0_react-dom@18.3.1_react@18.3.1__react@18.3.1/node_modules/next/dist/compiled/next-server/app-page.runtime.prod.js:12:150406)
    at listOnTimeout (node:internal/timers:605:17)
    at process.processTimers (node:internal/timers:541:7) {
  digest: '1263531943'
}
Error: Event handlers cannot be passed to Client Component props.
  {onClick: function onClick, className: ..., children: ...}
            ^^^^^^^^^^^^^^^^
If you need interactivity, consider converting part of this to a Client Component.
    at ek (/Users/sathwik/Desktop/DevOne/node_modules/.pnpm/next@14.2.0_@opentelemetry+api@1.9.0_react-dom@18.3.1_react@18.3.1__react@18.3.1/node_modules/next/dist/compiled/next-server/app-page.runtime.prod.js:12:140575)
    at Object.toJSON (/Users/sathwik/Desktop/DevOne/node_modules/.pnpm/next@14.2.0_@opentelemetry+api@1.9.0_react-dom@18.3.1_react@18.3.1__react@18.3.1/node_modules/next/dist/compiled/next-server/app-page.runtime.prod.js:12:135764)
    at stringify (<anonymous>)
    at eR (/Users/sathwik/Desktop/DevOne/node_modules/.pnpm/next@14.2.0_@opentelemetry+api@1.9.0_react-dom@18.3.1_react@18.3.1__react@18.3.1/node_modules/next/dist/compiled/next-server/app-page.runtime.prod.js:12:142228)
    at eE (/Users/sathwik/Desktop/DevOne/node_modules/.pnpm/next@14.2.0_@opentelemetry+api@1.9.0_react-dom@18.3.1_react@18.3.1__react@18.3.1/node_modules/next/dist/compiled/next-server/app-page.runtime.prod.js:12:142707)
    at Timeout._onTimeout (/Users/sathwik/Desktop/DevOne/node_modules/.pnpm/next@14.2.0_@opentelemetry+api@1.9.0_react-dom@18.3.1_react@18.3.1__react@18.3.1/node_modules/next/dist/compiled/next-server/app-page.runtime.prod.js:12:135484)
    at listOnTimeout (node:internal/timers:605:17)
    at process.processTimers (node:internal/timers:541:7) {
  digest: '1951076494'
}
Error: Event handlers cannot be passed to Client Component props.
  {onClick: function onClick, className: ..., children: ...}
            ^^^^^^^^^^^^^^^^
If you need interactivity, consider converting part of this to a Client Component.
    at ek (/Users/sathwik/Desktop/DevOne/node_modules/.pnpm/next@14.2.0_@opentelemetry+api@1.9.0_react-dom@18.3.1_react@18.3.1__react@18.3.1/node_modules/next/dist/compiled/next-server/app-page.runtime.prod.js:12:140575)
    at Object.toJSON (/Users/sathwik/Desktop/DevOne/node_modules/.pnpm/next@14.2.0_@opentelemetry+api@1.9.0_react-dom@18.3.1_react@18.3.1__react@18.3.1/node_modules/next/dist/compiled/next-server/app-page.runtime.prod.js:12:135764)
    at stringify (<anonymous>)
    at eR (/Users/sathwik/Desktop/DevOne/node_modules/.pnpm/next@14.2.0_@opentelemetry+api@1.9.0_react-dom@18.3.1_react@18.3.1__react@18.3.1/node_modules/next/dist/compiled/next-server/app-page.runtime.prod.js:12:142228)
    at eE (/Users/sathwik/Desktop/DevOne/node_modules/.pnpm/next@14.2.0_@opentelemetry+api@1.9.0_react-dom@18.3.1_react@18.3.1__react@18.3.1/node_modules/next/dist/compiled/next-server/app-page.runtime.prod.js:12:142707)
    at Timeout._onTimeout (/Users/sathwik/Desktop/DevOne/node_modules/.pnpm/next@14.2.0_@opentelemetry+api@1.9.0_react-dom@18.3.1_react@18.3.1__react@18.3.1/node_modules/next/dist/compiled/next-server/app-page.runtime.prod.js:12:135484)
    at listOnTimeout (node:internal/timers:605:17)
    at process.processTimers (node:internal/timers:541:7) {
  digest: '1951076494'
}
Error: Event handlers cannot be passed to Client Component props.
  {onClick: function onClick, className: ..., children: ...}
            ^^^^^^^^^^^^^^^^
If you need interactivity, consider converting part of this to a Client Component.
    at ek (/Users/sathwik/Desktop/DevOne/node_modules/.pnpm/next@14.2.0_@opentelemetry+api@1.9.0_react-dom@18.3.1_react@18.3.1__react@18.3.1/node_modules/next/dist/compiled/next-server/app-page.runtime.prod.js:12:140575)
    at Object.toJSON (/Users/sathwik/Desktop/DevOne/node_modules/.pnpm/next@14.2.0_@opentelemetry+api@1.9.0_react-dom@18.3.1_react@18.3.1__react@18.3.1/node_modules/next/dist/compiled/next-server/app-page.runtime.prod.js:12:135764)
    at stringify (<anonymous>)
    at eR (/Users/sathwik/Desktop/DevOne/node_modules/.pnpm/next@14.2.0_@opentelemetry+api@1.9.0_react-dom@18.3.1_react@18.3.1__react@18.3.1/node_modules/next/dist/compiled/next-server/app-page.runtime.prod.js:12:142228)
    at eE (/Users/sathwik/Desktop/DevOne/node_modules/.pnpm/next@14.2.0_@opentelemetry+api@1.9.0_react-dom@18.3.1_react@18.3.1__react@18.3.1/node_modules/next/dist/compiled/next-server/app-page.runtime.prod.js:12:142707)
    at AsyncLocalStorage.run (node:internal/async_local_storage/async_context_frame:63:14)
    at Timeout._onTimeout (/Users/sathwik/Desktop/DevOne/node_modules/.pnpm/next@14.2.0_@opentelemetry+api@1.9.0_react-dom@18.3.1_react@18.3.1__react@18.3.1/node_modules/next/dist/compiled/next-server/app-page.runtime.prod.js:12:150406)
    at listOnTimeout (node:internal/timers:605:17)
    at process.processTimers (node:internal/timers:541:7) {
  digest: '1263531943'
}
Error: Event handlers cannot be passed to Client Component props.
  {onClick: function onClick, className: ..., children: ...}
            ^^^^^^^^^^^^^^^^
If you need interactivity, consider converting part of this to a Client Component.
    at ek (/Users/sathwik/Desktop/DevOne/node_modules/.pnpm/next@14.2.0_@opentelemetry+api@1.9.0_react-dom@18.3.1_react@18.3.1__react@18.3.1/node_modules/next/dist/compiled/next-server/app-page.runtime.prod.js:12:140575)
    at Object.toJSON (/Users/sathwik/Desktop/DevOne/node_modules/.pnpm/next@14.2.0_@opentelemetry+api@1.9.0_react-dom@18.3.1_react@18.3.1__react@18.3.1/node_modules/next/dist/compiled/next-server/app-page.runtime.prod.js:12:135764)
    at stringify (<anonymous>)
    at eR (/Users/sathwik/Desktop/DevOne/node_modules/.pnpm/next@14.2.0_@opentelemetry+api@1.9.0_react-dom@18.3.1_react@18.3.1__react@18.3.1/node_modules/next/dist/compiled/next-server/app-page.runtime.prod.js:12:142228)
    at eE (/Users/sathwik/Desktop/DevOne/node_modules/.pnpm/next@14.2.0_@opentelemetry+api@1.9.0_react-dom@18.3.1_react@18.3.1__react@18.3.1/node_modules/next/dist/compiled/next-server/app-page.runtime.prod.js:12:142707)
    at Timeout._onTimeout (/Users/sathwik/Desktop/DevOne/node_modules/.pnpm/next@14.2.0_@opentelemetry+api@1.9.0_react-dom@18.3.1_react@18.3.1__react@18.3.1/node_modules/next/dist/compiled/next-server/app-page.runtime.prod.js:12:135484)
    at listOnTimeout (node:internal/timers:605:17)
    at process.processTimers (node:internal/timers:541:7) {
  digest: '1951076494'
}
Error: Event handlers cannot be passed to Client Component props.
  {onClick: function onClick, className: ..., children: ...}
            ^^^^^^^^^^^^^^^^
If you need interactivity, consider converting part of this to a Client Component.
    at ek (/Users/sathwik/Desktop/DevOne/node_modules/.pnpm/next@14.2.0_@opentelemetry+api@1.9.0_react-dom@18.3.1_react@18.3.1__react@18.3.1/node_modules/next/dist/compiled/next-server/app-page.runtime.prod.js:12:140575)
    at Object.toJSON (/Users/sathwik/Desktop/DevOne/node_modules/.pnpm/next@14.2.0_@opentelemetry+api@1.9.0_react-dom@18.3.1_react@18.3.1__react@18.3.1/node_modules/next/dist/compiled/next-server/app-page.runtime.prod.js:12:135764)
    at stringify (<anonymous>)
    at eR (/Users/sathwik/Desktop/DevOne/node_modules/.pnpm/next@14.2.0_@opentelemetry+api@1.9.0_react-dom@18.3.1_react@18.3.1__react@18.3.1/node_modules/next/dist/compiled/next-server/app-page.runtime.prod.js:12:142228)
    at eE (/Users/sathwik/Desktop/DevOne/node_modules/.pnpm/next@14.2.0_@opentelemetry+api@1.9.0_react-dom@18.3.1_react@18.3.1__react@18.3.1/node_modules/next/dist/compiled/next-server/app-page.runtime.prod.js:12:142707)
    at Timeout._onTimeout (/Users/sathwik/Desktop/DevOne/node_modules/.pnpm/next@14.2.0_@opentelemetry+api@1.9.0_react-dom@18.3.1_react@18.3.1__react@18.3.1/node_modules/next/dist/compiled/next-server/app-page.runtime.prod.js:12:135484)
    at listOnTimeout (node:internal/timers:605:17)
    at process.processTimers (node:internal/timers:541:7) {
  digest: '1951076494'
}
Error: Event handlers cannot be passed to Client Component props.
  {onClick: function onClick, className: ..., children: ...}
            ^^^^^^^^^^^^^^^^
If you need interactivity, consider converting part of this to a Client Component.
    at ek (/Users/sathwik/Desktop/DevOne/node_modules/.pnpm/next@14.2.0_@opentelemetry+api@1.9.0_react-dom@18.3.1_react@18.3.1__react@18.3.1/node_modules/next/dist/compiled/next-server/app-page.runtime.prod.js:12:140575)
    at Object.toJSON (/Users/sathwik/Desktop/DevOne/node_modules/.pnpm/next@14.2.0_@opentelemetry+api@1.9.0_react-dom@18.3.1_react@18.3.1__react@18.3.1/node_modules/next/dist/compiled/next-server/app-page.runtime.prod.js:12:135764)
    at stringify (<anonymous>)
    at eR (/Users/sathwik/Desktop/DevOne/node_modules/.pnpm/next@14.2.0_@opentelemetry+api@1.9.0_react-dom@18.3.1_react@18.3.1__react@18.3.1/node_modules/next/dist/compiled/next-server/app-page.runtime.prod.js:12:142228)
    at eE (/Users/sathwik/Desktop/DevOne/node_modules/.pnpm/next@14.2.0_@opentelemetry+api@1.9.0_react-dom@18.3.1_react@18.3.1__react@18.3.1/node_modules/next/dist/compiled/next-server/app-page.runtime.prod.js:12:142707)
    at AsyncLocalStorage.run (node:internal/async_local_storage/async_context_frame:63:14)
    at Timeout._onTimeout (/Users/sathwik/Desktop/DevOne/node_modules/.pnpm/next@14.2.0_@opentelemetry+api@1.9.0_react-dom@18.3.1_react@18.3.1__react@18.3.1/node_modules/next/dist/compiled/next-server/app-page.runtime.prod.js:12:150406)
    at listOnTimeout (node:internal/timers:605:17)
    at process.processTimers (node:internal/timers:541:7) {
  digest: '1263531943'
}
Error: Event handlers cannot be passed to Client Component props.
  {onClick: function onClick, className: ..., children: ...}
            ^^^^^^^^^^^^^^^^
If you need interactivity, consider converting part of this to a Client Component.
    at ek (/Users/sathwik/Desktop/DevOne/node_modules/.pnpm/next@14.2.0_@opentelemetry+api@1.9.0_react-dom@18.3.1_react@18.3.1__react@18.3.1/node_modules/next/dist/compiled/next-server/app-page.runtime.prod.js:12:140575)
    at Object.toJSON (/Users/sathwik/Desktop/DevOne/node_modules/.pnpm/next@14.2.0_@opentelemetry+api@1.9.0_react-dom@18.3.1_react@18.3.1__react@18.3.1/node_modules/next/dist/compiled/next-server/app-page.runtime.prod.js:12:135764)
    at stringify (<anonymous>)
    at eR (/Users/sathwik/Desktop/DevOne/node_modules/.pnpm/next@14.2.0_@opentelemetry+api@1.9.0_react-dom@18.3.1_react@18.3.1__react@18.3.1/node_modules/next/dist/compiled/next-server/app-page.runtime.prod.js:12:142228)
    at eE (/Users/sathwik/Desktop/DevOne/node_modules/.pnpm/next@14.2.0_@opentelemetry+api@1.9.0_react-dom@18.3.1_react@18.3.1__react@18.3.1/node_modules/next/dist/compiled/next-server/app-page.runtime.prod.js:12:142707)
    at Timeout._onTimeout (/Users/sathwik/Desktop/DevOne/node_modules/.pnpm/next@14.2.0_@opentelemetry+api@1.9.0_react-dom@18.3.1_react@18.3.1__react@18.3.1/node_modules/next/dist/compiled/next-server/app-page.runtime.prod.js:12:135484)
    at listOnTimeout (node:internal/timers:605:17)
    at process.processTimers (node:internal/timers:541:7) {
  digest: '1951076494'
}
Error: Event handlers cannot be passed to Client Component props.
  {onClick: function onClick, className: ..., children: ...}
            ^^^^^^^^^^^^^^^^
If you need interactivity, consider converting part of this to a Client Component.
    at ek (/Users/sathwik/Desktop/DevOne/node_modules/.pnpm/next@14.2.0_@opentelemetry+api@1.9.0_react-dom@18.3.1_react@18.3.1__react@18.3.1/node_modules/next/dist/compiled/next-server/app-page.runtime.prod.js:12:140575)
    at Object.toJSON (/Users/sathwik/Desktop/DevOne/node_modules/.pnpm/next@14.2.0_@opentelemetry+api@1.9.0_react-dom@18.3.1_react@18.3.1__react@18.3.1/node_modules/next/dist/compiled/next-server/app-page.runtime.prod.js:12:135764)
    at stringify (<anonymous>)
    at eR (/Users/sathwik/Desktop/DevOne/node_modules/.pnpm/next@14.2.0_@opentelemetry+api@1.9.0_react-dom@18.3.1_react@18.3.1__react@18.3.1/node_modules/next/dist/compiled/next-server/app-page.runtime.prod.js:12:142228)
    at eE (/Users/sathwik/Desktop/DevOne/node_modules/.pnpm/next@14.2.0_@opentelemetry+api@1.9.0_react-dom@18.3.1_react@18.3.1__react@18.3.1/node_modules/next/dist/compiled/next-server/app-page.runtime.prod.js:12:142707)
    at Timeout._onTimeout (/Users/sathwik/Desktop/DevOne/node_modules/.pnpm/next@14.2.0_@opentelemetry+api@1.9.0_react-dom@18.3.1_react@18.3.1__react@18.3.1/node_modules/next/dist/compiled/next-server/app-page.runtime.prod.js:12:135484)
    at listOnTimeout (node:internal/timers:605:17)
    at process.processTimers (node:internal/timers:541:7) {
  digest: '1951076494'
}
 ⚠ metadataBase property in metadata export is not set for resolving social open graph or twitter images, using "http://localhost:3000". See https://nextjs.org/docs/app/api-reference/functions/generate-metadata#metadatabase
 ⚠ metadataBase property in metadata export is not set for resolving social open graph or twitter images, using "http://localhost:3000". See https://nextjs.org/docs/app/api-reference/functions/generate-metadata#metadatabase
 ⚠ metadataBase property in metadata export is not set for resolving social open graph or twitter images, using "http://localhost:3000". See https://nextjs.org/docs/app/api-reference/functions/generate-metadata#metadatabase
 ⚠ Sending SIGTERM signal to static worker due to timeout of 60 seconds. Subsequent errors may be a result of the worker exiting.
 ⚠ Restarted static page generation for /_not-found because it took more than 60 seconds
 ⚠ Restarted static page generation for / because it took more than 60 seconds
 ⚠ Restarted static page generation for /profile because it took more than 60 seconds
 ⚠ Restarted static page generation for /repo/loading because it took more than 60 seconds
Error: Event handlers cannot be passed to Client Component props.
  {onClick: function onClick, className: ..., children: ...}
            ^^^^^^^^^^^^^^^^
If you need interactivity, consider converting part of this to a Client Component.
    at ek (/Users/sathwik/Desktop/DevOne/node_modules/.pnpm/next@14.2.0_@opentelemetry+api@1.9.0_react-dom@18.3.1_react@18.3.1__react@18.3.1/node_modules/next/dist/compiled/next-server/app-page.runtime.prod.js:12:140575)
    at Object.toJSON (/Users/sathwik/Desktop/DevOne/node_modules/.pnpm/next@14.2.0_@opentelemetry+api@1.9.0_react-dom@18.3.1_react@18.3.1__react@18.3.1/node_modules/next/dist/compiled/next-server/app-page.runtime.prod.js:12:135764)
    at stringify (<anonymous>)
    at eR (/Users/sathwik/Desktop/DevOne/node_modules/.pnpm/next@14.2.0_@opentelemetry+api@1.9.0_react-dom@18.3.1_react@18.3.1__react@18.3.1/node_modules/next/dist/compiled/next-server/app-page.runtime.prod.js:12:142228)
    at eE (/Users/sathwik/Desktop/DevOne/node_modules/.pnpm/next@14.2.0_@opentelemetry+api@1.9.0_react-dom@18.3.1_react@18.3.1__react@18.3.1/node_modules/next/dist/compiled/next-server/app-page.runtime.prod.js:12:142707)
    at AsyncLocalStorage.run (node:internal/async_local_storage/async_context_frame:63:14)
    at Timeout._onTimeout (/Users/sathwik/Desktop/DevOne/node_modules/.pnpm/next@14.2.0_@opentelemetry+api@1.9.0_react-dom@18.3.1_react@18.3.1__react@18.3.1/node_modules/next/dist/compiled/next-server/app-page.runtime.prod.js:12:150406)
    at listOnTimeout (node:internal/timers:605:17)
    at process.processTimers (node:internal/timers:541:7) {
  digest: '1263531943'
}
Error: Event handlers cannot be passed to Client Component props.
  {onClick: function onClick, className: ..., children: ...}
            ^^^^^^^^^^^^^^^^
If you need interactivity, consider converting part of this to a Client Component.
    at ek (/Users/sathwik/Desktop/DevOne/node_modules/.pnpm/next@14.2.0_@opentelemetry+api@1.9.0_react-dom@18.3.1_react@18.3.1__react@18.3.1/node_modules/next/dist/compiled/next-server/app-page.runtime.prod.js:12:140575)
    at Object.toJSON (/Users/sathwik/Desktop/DevOne/node_modules/.pnpm/next@14.2.0_@opentelemetry+api@1.9.0_react-dom@18.3.1_react@18.3.1__react@18.3.1/node_modules/next/dist/compiled/next-server/app-page.runtime.prod.js:12:135764)
    at stringify (<anonymous>)
    at eR (/Users/sathwik/Desktop/DevOne/node_modules/.pnpm/next@14.2.0_@opentelemetry+api@1.9.0_react-dom@18.3.1_react@18.3.1__react@18.3.1/node_modules/next/dist/compiled/next-server/app-page.runtime.prod.js:12:142228)
    at eE (/Users/sathwik/Desktop/DevOne/node_modules/.pnpm/next@14.2.0_@opentelemetry+api@1.9.0_react-dom@18.3.1_react@18.3.1__react@18.3.1/node_modules/next/dist/compiled/next-server/app-page.runtime.prod.js:12:142707)
    at AsyncLocalStorage.run (node:internal/async_local_storage/async_context_frame:63:14)
    at Timeout._onTimeout (/Users/sathwik/Desktop/DevOne/node_modules/.pnpm/next@14.2.0_@opentelemetry+api@1.9.0_react-dom@18.3.1_react@18.3.1__react@18.3.1/node_modules/next/dist/compiled/next-server/app-page.runtime.prod.js:12:150406)
    at listOnTimeout (node:internal/timers:605:17)
    at process.processTimers (node:internal/timers:541:7) {
  digest: '1263531943'
}
Error: Event handlers cannot be passed to Client Component props.
  {onClick: function onClick, className: ..., children: ...}
            ^^^^^^^^^^^^^^^^
If you need interactivity, consider converting part of this to a Client Component.
    at ek (/Users/sathwik/Desktop/DevOne/node_modules/.pnpm/next@14.2.0_@opentelemetry+api@1.9.0_react-dom@18.3.1_react@18.3.1__react@18.3.1/node_modules/next/dist/compiled/next-server/app-page.runtime.prod.js:12:140575)
    at Object.toJSON (/Users/sathwik/Desktop/DevOne/node_modules/.pnpm/next@14.2.0_@opentelemetry+api@1.9.0_react-dom@18.3.1_react@18.3.1__react@18.3.1/node_modules/next/dist/compiled/next-server/app-page.runtime.prod.js:12:135764)
    at stringify (<anonymous>)
    at eR (/Users/sathwik/Desktop/DevOne/node_modules/.pnpm/next@14.2.0_@opentelemetry+api@1.9.0_react-dom@18.3.1_react@18.3.1__react@18.3.1/node_modules/next/dist/compiled/next-server/app-page.runtime.prod.js:12:142228)
    at eE (/Users/sathwik/Desktop/DevOne/node_modules/.pnpm/next@14.2.0_@opentelemetry+api@1.9.0_react-dom@18.3.1_react@18.3.1__react@18.3.1/node_modules/next/dist/compiled/next-server/app-page.runtime.prod.js:12:142707)
    at Timeout._onTimeout (/Users/sathwik/Desktop/DevOne/node_modules/.pnpm/next@14.2.0_@opentelemetry+api@1.9.0_react-dom@18.3.1_react@18.3.1__react@18.3.1/node_modules/next/dist/compiled/next-server/app-page.runtime.prod.js:12:135484)
    at listOnTimeout (node:internal/timers:605:17)
    at process.processTimers (node:internal/timers:541:7) {
  digest: '1951076494'
}
Error: Event handlers cannot be passed to Client Component props.
  {onClick: function onClick, className: ..., children: ...}
            ^^^^^^^^^^^^^^^^
If you need interactivity, consider converting part of this to a Client Component.
    at ek (/Users/sathwik/Desktop/DevOne/node_modules/.pnpm/next@14.2.0_@opentelemetry+api@1.9.0_react-dom@18.3.1_react@18.3.1__react@18.3.1/node_modules/next/dist/compiled/next-server/app-page.runtime.prod.js:12:140575)
    at Object.toJSON (/Users/sathwik/Desktop/DevOne/node_modules/.pnpm/next@14.2.0_@opentelemetry+api@1.9.0_react-dom@18.3.1_react@18.3.1__react@18.3.1/node_modules/next/dist/compiled/next-server/app-page.runtime.prod.js:12:135764)
    at stringify (<anonymous>)
    at eR (/Users/sathwik/Desktop/DevOne/node_modules/.pnpm/next@14.2.0_@opentelemetry+api@1.9.0_react-dom@18.3.1_react@18.3.1__react@18.3.1/node_modules/next/dist/compiled/next-server/app-page.runtime.prod.js:12:142228)
    at eE (/Users/sathwik/Desktop/DevOne/node_modules/.pnpm/next@14.2.0_@opentelemetry+api@1.9.0_react-dom@18.3.1_react@18.3.1__react@18.3.1/node_modules/next/dist/compiled/next-server/app-page.runtime.prod.js:12:142707)
    at AsyncLocalStorage.run (node:internal/async_local_storage/async_context_frame:63:14)
    at Timeout._onTimeout (/Users/sathwik/Desktop/DevOne/node_modules/.pnpm/next@14.2.0_@opentelemetry+api@1.9.0_react-dom@18.3.1_react@18.3.1__react@18.3.1/node_modules/next/dist/compiled/next-server/app-page.runtime.prod.js:12:150406)
    at listOnTimeout (node:internal/timers:605:17)
    at process.processTimers (node:internal/timers:541:7) {
  digest: '1263531943'
}
Error: Event handlers cannot be passed to Client Component props.
  {onClick: function onClick, className: ..., children: ...}
            ^^^^^^^^^^^^^^^^
If you need interactivity, consider converting part of this to a Client Component.
    at ek (/Users/sathwik/Desktop/DevOne/node_modules/.pnpm/next@14.2.0_@opentelemetry+api@1.9.0_react-dom@18.3.1_react@18.3.1__react@18.3.1/node_modules/next/dist/compiled/next-server/app-page.runtime.prod.js:12:140575)
    at Object.toJSON (/Users/sathwik/Desktop/DevOne/node_modules/.pnpm/next@14.2.0_@opentelemetry+api@1.9.0_react-dom@18.3.1_react@18.3.1__react@18.3.1/node_modules/next/dist/compiled/next-server/app-page.runtime.prod.js:12:135764)
    at stringify (<anonymous>)
    at eR (/Users/sathwik/Desktop/DevOne/node_modules/.pnpm/next@14.2.0_@opentelemetry+api@1.9.0_react-dom@18.3.1_react@18.3.1__react@18.3.1/node_modules/next/dist/compiled/next-server/app-page.runtime.prod.js:12:142228)
    at eE (/Users/sathwik/Desktop/DevOne/node_modules/.pnpm/next@14.2.0_@opentelemetry+api@1.9.0_react-dom@18.3.1_react@18.3.1__react@18.3.1/node_modules/next/dist/compiled/next-server/app-page.runtime.prod.js:12:142707)
    at Timeout._onTimeout (/Users/sathwik/Desktop/DevOne/node_modules/.pnpm/next@14.2.0_@opentelemetry+api@1.9.0_react-dom@18.3.1_react@18.3.1__react@18.3.1/node_modules/next/dist/compiled/next-server/app-page.runtime.prod.js:12:135484)
    at listOnTimeout (node:internal/timers:605:17)
    at process.processTimers (node:internal/timers:541:7) {
  digest: '1951076494'
}
Error: Event handlers cannot be passed to Client Component props.
  {onClick: function onClick, className: ..., children: ...}
            ^^^^^^^^^^^^^^^^
If you need interactivity, consider converting part of this to a Client Component.
    at ek (/Users/sathwik/Desktop/DevOne/node_modules/.pnpm/next@14.2.0_@opentelemetry+api@1.9.0_react-dom@18.3.1_react@18.3.1__react@18.3.1/node_modules/next/dist/compiled/next-server/app-page.runtime.prod.js:12:140575)
    at Object.toJSON (/Users/sathwik/Desktop/DevOne/node_modules/.pnpm/next@14.2.0_@opentelemetry+api@1.9.0_react-dom@18.3.1_react@18.3.1__react@18.3.1/node_modules/next/dist/compiled/next-server/app-page.runtime.prod.js:12:135764)
    at stringify (<anonymous>)
    at eR (/Users/sathwik/Desktop/DevOne/node_modules/.pnpm/next@14.2.0_@opentelemetry+api@1.9.0_react-dom@18.3.1_react@18.3.1__react@18.3.1/node_modules/next/dist/compiled/next-server/app-page.runtime.prod.js:12:142228)
    at eE (/Users/sathwik/Desktop/DevOne/node_modules/.pnpm/next@14.2.0_@opentelemetry+api@1.9.0_react-dom@18.3.1_react@18.3.1__react@18.3.1/node_modules/next/dist/compiled/next-server/app-page.runtime.prod.js:12:142707)
    at Timeout._onTimeout (/Users/sathwik/Desktop/DevOne/node_modules/.pnpm/next@14.2.0_@opentelemetry+api@1.9.0_react-dom@18.3.1_react@18.3.1__react@18.3.1/node_modules/next/dist/compiled/next-server/app-page.runtime.prod.js:12:135484)
    at listOnTimeout (node:internal/timers:605:17)
    at process.processTimers (node:internal/timers:541:7) {
  digest: '1951076494'
}
Error: Event handlers cannot be passed to Client Component props.
  {onClick: function onClick, className: ..., children: ...}
            ^^^^^^^^^^^^^^^^
If you need interactivity, consider converting part of this to a Client Component.
    at ek (/Users/sathwik/Desktop/DevOne/node_modules/.pnpm/next@14.2.0_@opentelemetry+api@1.9.0_react-dom@18.3.1_react@18.3.1__react@18.3.1/node_modules/next/dist/compiled/next-server/app-page.runtime.prod.js:12:140575)
    at Object.toJSON (/Users/sathwik/Desktop/DevOne/node_modules/.pnpm/next@14.2.0_@opentelemetry+api@1.9.0_react-dom@18.3.1_react@18.3.1__react@18.3.1/node_modules/next/dist/compiled/next-server/app-page.runtime.prod.js:12:135764)
    at stringify (<anonymous>)
    at eR (/Users/sathwik/Desktop/DevOne/node_modules/.pnpm/next@14.2.0_@opentelemetry+api@1.9.0_react-dom@18.3.1_react@18.3.1__react@18.3.1/node_modules/next/dist/compiled/next-server/app-page.runtime.prod.js:12:142228)
    at eE (/Users/sathwik/Desktop/DevOne/node_modules/.pnpm/next@14.2.0_@opentelemetry+api@1.9.0_react-dom@18.3.1_react@18.3.1__react@18.3.1/node_modules/next/dist/compiled/next-server/app-page.runtime.prod.js:12:142707)
    at Timeout._onTimeout (/Users/sathwik/Desktop/DevOne/node_modules/.pnpm/next@14.2.0_@opentelemetry+api@1.9.0_react-dom@18.3.1_react@18.3.1__react@18.3.1/node_modules/next/dist/compiled/next-server/app-page.runtime.prod.js:12:135484)
    at listOnTimeout (node:internal/timers:605:17)
    at process.processTimers (node:internal/timers:541:7) {
  digest: '1951076494'
}
Error: Event handlers cannot be passed to Client Component props.
  {onClick: function onClick, className: ..., children: ...}
            ^^^^^^^^^^^^^^^^
If you need interactivity, consider converting part of this to a Client Component.
    at ek (/Users/sathwik/Desktop/DevOne/node_modules/.pnpm/next@14.2.0_@opentelemetry+api@1.9.0_react-dom@18.3.1_react@18.3.1__react@18.3.1/node_modules/next/dist/compiled/next-server/app-page.runtime.prod.js:12:140575)
    at Object.toJSON (/Users/sathwik/Desktop/DevOne/node_modules/.pnpm/next@14.2.0_@opentelemetry+api@1.9.0_react-dom@18.3.1_react@18.3.1__react@18.3.1/node_modules/next/dist/compiled/next-server/app-page.runtime.prod.js:12:135764)
    at stringify (<anonymous>)
    at eR (/Users/sathwik/Desktop/DevOne/node_modules/.pnpm/next@14.2.0_@opentelemetry+api@1.9.0_react-dom@18.3.1_react@18.3.1__react@18.3.1/node_modules/next/dist/compiled/next-server/app-page.runtime.prod.js:12:142228)
    at eE (/Users/sathwik/Desktop/DevOne/node_modules/.pnpm/next@14.2.0_@opentelemetry+api@1.9.0_react-dom@18.3.1_react@18.3.1__react@18.3.1/node_modules/next/dist/compiled/next-server/app-page.runtime.prod.js:12:142707)
    at Timeout._onTimeout (/Users/sathwik/Desktop/DevOne/node_modules/.pnpm/next@14.2.0_@opentelemetry+api@1.9.0_react-dom@18.3.1_react@18.3.1__react@18.3.1/node_modules/next/dist/compiled/next-server/app-page.runtime.prod.js:12:135484)
    at listOnTimeout (node:internal/timers:605:17)
    at process.processTimers (node:internal/timers:541:7) {
  digest: '1951076494'
}
Error: Event handlers cannot be passed to Client Component props.
  {onClick: function onClick, className: ..., children: ...}
            ^^^^^^^^^^^^^^^^
If you need interactivity, consider converting part of this to a Client Component.
    at ek (/Users/sathwik/Desktop/DevOne/node_modules/.pnpm/next@14.2.0_@opentelemetry+api@1.9.0_react-dom@18.3.1_react@18.3.1__react@18.3.1/node_modules/next/dist/compiled/next-server/app-page.runtime.prod.js:12:140575)
    at Object.toJSON (/Users/sathwik/Desktop/DevOne/node_modules/.pnpm/next@14.2.0_@opentelemetry+api@1.9.0_react-dom@18.3.1_react@18.3.1__react@18.3.1/node_modules/next/dist/compiled/next-server/app-page.runtime.prod.js:12:135764)
    at stringify (<anonymous>)
    at eR (/Users/sathwik/Desktop/DevOne/node_modules/.pnpm/next@14.2.0_@opentelemetry+api@1.9.0_react-dom@18.3.1_react@18.3.1__react@18.3.1/node_modules/next/dist/compiled/next-server/app-page.runtime.prod.js:12:142228)
    at eE (/Users/sathwik/Desktop/DevOne/node_modules/.pnpm/next@14.2.0_@opentelemetry+api@1.9.0_react-dom@18.3.1_react@18.3.1__react@18.3.1/node_modules/next/dist/compiled/next-server/app-page.runtime.prod.js:12:142707)
    at Timeout._onTimeout (/Users/sathwik/Desktop/DevOne/node_modules/.pnpm/next@14.2.0_@opentelemetry+api@1.9.0_react-dom@18.3.1_react@18.3.1__react@18.3.1/node_modules/next/dist/compiled/next-server/app-page.runtime.prod.js:12:135484)
    at listOnTimeout (node:internal/timers:605:17)
    at process.processTimers (node:internal/timers:541:7) {
  digest: '1951076494'
}
Error: Event handlers cannot be passed to Client Component props.
  {onClick: function onClick, className: ..., children: ...}
            ^^^^^^^^^^^^^^^^
If you need interactivity, consider converting part of this to a Client Component.
    at ek (/Users/sathwik/Desktop/DevOne/node_modules/.pnpm/next@14.2.0_@opentelemetry+api@1.9.0_react-dom@18.3.1_react@18.3.1__react@18.3.1/node_modules/next/dist/compiled/next-server/app-page.runtime.prod.js:12:140575)
    at Object.toJSON (/Users/sathwik/Desktop/DevOne/node_modules/.pnpm/next@14.2.0_@opentelemetry+api@1.9.0_react-dom@18.3.1_react@18.3.1__react@18.3.1/node_modules/next/dist/compiled/next-server/app-page.runtime.prod.js:12:135764)
    at stringify (<anonymous>)
    at eR (/Users/sathwik/Desktop/DevOne/node_modules/.pnpm/next@14.2.0_@opentelemetry+api@1.9.0_react-dom@18.3.1_react@18.3.1__react@18.3.1/node_modules/next/dist/compiled/next-server/app-page.runtime.prod.js:12:142228)
    at eE (/Users/sathwik/Desktop/DevOne/node_modules/.pnpm/next@14.2.0_@opentelemetry+api@1.9.0_react-dom@18.3.1_react@18.3.1__react@18.3.1/node_modules/next/dist/compiled/next-server/app-page.runtime.prod.js:12:142707)
    at AsyncLocalStorage.run (node:internal/async_local_storage/async_context_frame:63:14)
    at Timeout._onTimeout (/Users/sathwik/Desktop/DevOne/node_modules/.pnpm/next@14.2.0_@opentelemetry+api@1.9.0_react-dom@18.3.1_react@18.3.1__react@18.3.1/node_modules/next/dist/compiled/next-server/app-page.runtime.prod.js:12:150406)
    at listOnTimeout (node:internal/timers:605:17)
    at process.processTimers (node:internal/timers:541:7) {
  digest: '1263531943'
}
Error: Event handlers cannot be passed to Client Component props.
  {onClick: function onClick, className: ..., children: ...}
            ^^^^^^^^^^^^^^^^
If you need interactivity, consider converting part of this to a Client Component.
    at ek (/Users/sathwik/Desktop/DevOne/node_modules/.pnpm/next@14.2.0_@opentelemetry+api@1.9.0_react-dom@18.3.1_react@18.3.1__react@18.3.1/node_modules/next/dist/compiled/next-server/app-page.runtime.prod.js:12:140575)
    at Object.toJSON (/Users/sathwik/Desktop/DevOne/node_modules/.pnpm/next@14.2.0_@opentelemetry+api@1.9.0_react-dom@18.3.1_react@18.3.1__react@18.3.1/node_modules/next/dist/compiled/next-server/app-page.runtime.prod.js:12:135764)
    at stringify (<anonymous>)
    at eR (/Users/sathwik/Desktop/DevOne/node_modules/.pnpm/next@14.2.0_@opentelemetry+api@1.9.0_react-dom@18.3.1_react@18.3.1__react@18.3.1/node_modules/next/dist/compiled/next-server/app-page.runtime.prod.js:12:142228)
    at eE (/Users/sathwik/Desktop/DevOne/node_modules/.pnpm/next@14.2.0_@opentelemetry+api@1.9.0_react-dom@18.3.1_react@18.3.1__react@18.3.1/node_modules/next/dist/compiled/next-server/app-page.runtime.prod.js:12:142707)
    at Timeout._onTimeout (/Users/sathwik/Desktop/DevOne/node_modules/.pnpm/next@14.2.0_@opentelemetry+api@1.9.0_react-dom@18.3.1_react@18.3.1__react@18.3.1/node_modules/next/dist/compiled/next-server/app-page.runtime.prod.js:12:135484)
    at listOnTimeout (node:internal/timers:605:17)
    at process.processTimers (node:internal/timers:541:7) {
  digest: '1951076494'
}
Error: Event handlers cannot be passed to Client Component props.
  {onClick: function onClick, className: ..., children: ...}
            ^^^^^^^^^^^^^^^^
If you need interactivity, consider converting part of this to a Client Component.
    at ek (/Users/sathwik/Desktop/DevOne/node_modules/.pnpm/next@14.2.0_@opentelemetry+api@1.9.0_react-dom@18.3.1_react@18.3.1__react@18.3.1/node_modules/next/dist/compiled/next-server/app-page.runtime.prod.js:12:140575)
    at Object.toJSON (/Users/sathwik/Desktop/DevOne/node_modules/.pnpm/next@14.2.0_@opentelemetry+api@1.9.0_react-dom@18.3.1_react@18.3.1__react@18.3.1/node_modules/next/dist/compiled/next-server/app-page.runtime.prod.js:12:135764)
    at stringify (<anonymous>)
    at eR (/Users/sathwik/Desktop/DevOne/node_modules/.pnpm/next@14.2.0_@opentelemetry+api@1.9.0_react-dom@18.3.1_react@18.3.1__react@18.3.1/node_modules/next/dist/compiled/next-server/app-page.runtime.prod.js:12:142228)
    at eE (/Users/sathwik/Desktop/DevOne/node_modules/.pnpm/next@14.2.0_@opentelemetry+api@1.9.0_react-dom@18.3.1_react@18.3.1__react@18.3.1/node_modules/next/dist/compiled/next-server/app-page.runtime.prod.js:12:142707)
    at Timeout._onTimeout (/Users/sathwik/Desktop/DevOne/node_modules/.pnpm/next@14.2.0_@opentelemetry+api@1.9.0_react-dom@18.3.1_react@18.3.1__react@18.3.1/node_modules/next/dist/compiled/next-server/app-page.runtime.prod.js:12:135484)
    at listOnTimeout (node:internal/timers:605:17)
    at process.processTimers (node:internal/timers:541:7) {
  digest: '1951076494'
}
 ⚠ metadataBase property in metadata export is not set for resolving social open graph or twitter images, using "http://localhost:3000". See https://nextjs.org/docs/app/api-reference/functions/generate-metadata#metadatabase
 ⚠ metadataBase property in metadata export is not set for resolving social open graph or twitter images, using "http://localhost:3000". See https://nextjs.org/docs/app/api-reference/functions/generate-metadata#metadatabase
 ⚠ metadataBase property in metadata export is not set for resolving social open graph or twitter images, using "http://localhost:3000". See https://nextjs.org/docs/app/api-reference/functions/generate-metadata#metadatabase
 ⚠ metadataBase property in metadata export is not set for resolving social open graph or twitter images, using "http://localhost:3000". See https://nextjs.org/docs/app/api-reference/functions/generate-metadata#metadatabase
 ⚠ Sending SIGTERM signal to static worker due to timeout of 60 seconds. Subsequent errors may be a result of the worker exiting.

> Build error occurred
Error: Static page generation for /_not-found is still timing out after 3 attempts. See more info here https://nextjs.org/docs/messages/static-page-generation-timeout
    at onRestart (/Users/sathwik/Desktop/DevOne/node_modules/.pnpm/next@14.2.0_@opentelemetry+api@1.9.0_react-dom@18.3.1_react@18.3.1__react@18.3.1/node_modules/next/dist/build/index.js:293:27)
    at /Users/sathwik/Desktop/DevOne/node_modules/.pnpm/next@14.2.0_@opentelemetry+api@1.9.0_react-dom@18.3.1_react@18.3.1__react@18.3.1/node_modules/next/dist/lib/worker.js:95:40
    at process.processTicksAndRejections (node:internal/process/task_queues:104:5)
    at async /Users/sathwik/Desktop/DevOne/node_modules/.pnpm/next@14.2.0_@opentelemetry+api@1.9.0_react-dom@18.3.1_react@18.3.1__react@18.3.1/node_modules/next/dist/export/index.js:450:20
    at async Span.traceAsyncFn (/Users/sathwik/Desktop/DevOne/node_modules/.pnpm/next@14.2.0_@opentelemetry+api@1.9.0_react-dom@18.3.1_react@18.3.1__react@18.3.1/node_modules/next/dist/trace/trace.js:154:20)
    at async /Users/sathwik/Desktop/DevOne/node_modules/.pnpm/next@14.2.0_@opentelemetry+api@1.9.0_react-dom@18.3.1_react@18.3.1__react@18.3.1/node_modules/next/dist/export/index.js:448:24
    at async Promise.all (index 16)
    at async exportAppImpl (/Users/sathwik/Desktop/DevOne/node_modules/.pnpm/next@14.2.0_@opentelemetry+api@1.9.0_react-dom@18.3.1_react@18.3.1__react@18.3.1/node_modules/next/dist/export/index.js:440:21)
    at async /Users/sathwik/Desktop/DevOne/node_modules/.pnpm/next@14.2.0_@opentelemetry+api@1.9.0_react-dom@18.3.1_react@18.3.1__react@18.3.1/node_modules/next/dist/export/index.js:623:16
    at async Span.traceAsyncFn (/Users/sathwik/Desktop/DevOne/node_modules/.pnpm/next@14.2.0_@opentelemetry+api@1.9.0_react-dom@18.3.1_react@18.3.1__react@18.3.1/node_modules/next/dist/trace/trace.js:154:20)
 ELIFECYCLE  Command failed with exit code 1.
